// Jest Snapshot v1, https://goo.gl/fbAQLP

exports[`BusinessUserRegister check snapshot 1`] = `
ShallowWrapper {
  "length": 1,
  Symbol(enzyme.__root__): [Circular],
  Symbol(enzyme.__unrendered__): <BusinessUserRegister
    store={
        Object {
            "dispatch": [Function],
            "getState": [Function],
            "replaceReducer": [Function],
            "subscribe": [Function],
            Symbol(observable): [Function],
          }
    }
/>,
  Symbol(enzyme.__renderer__): Object {
    "batchedUpdates": [Function],
    "getNode": [Function],
    "render": [Function],
    "simulateEvent": [Function],
    "unmount": [Function],
  },
  Symbol(enzyme.__node__): Object {
    "instance": null,
    "key": undefined,
    "nodeType": "host",
    "props": Object {
      "children": Array [
        <h1>
          廠商註冊
</h1>,
        <ReduxForm
          onSubmit={[Function]}
/>,
        <ol
          className="nav"
/>,
        <h6>
          1
          /2
</h6>,
      ],
      "style": Object {
        "margin": "5% 10% 5%",
      },
    },
    "ref": null,
    "rendered": Array [
      Object {
        "instance": null,
        "key": undefined,
        "nodeType": "host",
        "props": Object {
          "children": "廠商註冊",
        },
        "ref": null,
        "rendered": "廠商註冊",
        "type": "h1",
      },
      Object {
        "instance": null,
        "key": undefined,
        "nodeType": "class",
        "props": Object {
          "onSubmit": [Function],
        },
        "ref": null,
        "rendered": null,
        "type": [Function],
      },
      Object {
        "instance": null,
        "key": undefined,
        "nodeType": "host",
        "props": Object {
          "className": "nav",
        },
        "ref": null,
        "rendered": null,
        "type": "ol",
      },
      Object {
        "instance": null,
        "key": undefined,
        "nodeType": "host",
        "props": Object {
          "children": Array [
            1,
            "/2",
          ],
        },
        "ref": null,
        "rendered": Array [
          1,
          "/2",
        ],
        "type": "h6",
      },
    ],
    "type": "div",
  },
  Symbol(enzyme.__nodes__): Array [
    Object {
      "instance": null,
      "key": undefined,
      "nodeType": "host",
      "props": Object {
        "children": Array [
          <h1>
            廠商註冊
</h1>,
          <ReduxForm
            onSubmit={[Function]}
/>,
          <ol
            className="nav"
/>,
          <h6>
            1
            /2
</h6>,
        ],
        "style": Object {
          "margin": "5% 10% 5%",
        },
      },
      "ref": null,
      "rendered": Array [
        Object {
          "instance": null,
          "key": undefined,
          "nodeType": "host",
          "props": Object {
            "children": "廠商註冊",
          },
          "ref": null,
          "rendered": "廠商註冊",
          "type": "h1",
        },
        Object {
          "instance": null,
          "key": undefined,
          "nodeType": "class",
          "props": Object {
            "onSubmit": [Function],
          },
          "ref": null,
          "rendered": null,
          "type": [Function],
        },
        Object {
          "instance": null,
          "key": undefined,
          "nodeType": "host",
          "props": Object {
            "className": "nav",
          },
          "ref": null,
          "rendered": null,
          "type": "ol",
        },
        Object {
          "instance": null,
          "key": undefined,
          "nodeType": "host",
          "props": Object {
            "children": Array [
              1,
              "/2",
            ],
          },
          "ref": null,
          "rendered": Array [
            1,
            "/2",
          ],
          "type": "h6",
        },
      ],
      "type": "div",
    },
  ],
  Symbol(enzyme.__options__): Object {
    "adapter": ReactSixteenAdapter {
      "options": Object {
        "enableComponentDidUpdateOnSetState": true,
      },
    },
    "disableLifecycleMethods": true,
  },
}
`;
