// Jest Snapshot v1, https://goo.gl/fbAQLP

exports[`SecondPage in BusinessUserRegister check snapshot 1`] = `
ShallowWrapper {
  "length": 1,
  Symbol(enzyme.__root__): [Circular],
  Symbol(enzyme.__unrendered__): <Unknown
    handleSubmit={[Function]}
    previousPage={[Function]}
    pristine={true}
    submitting={false}
/>,
  Symbol(enzyme.__renderer__): Object {
    "batchedUpdates": [Function],
    "getNode": [Function],
    "render": [Function],
    "simulateEvent": [Function],
    "unmount": [Function],
  },
  Symbol(enzyme.__node__): Object {
    "instance": null,
    "key": undefined,
    "nodeType": "host",
    "props": Object {
      "children": Array [
        <Field
          className="col_half "
          component={[Function]}
          name="companyName"
          placeholder=""
          title="公司名稱/個人委託"
/>,
        <Field
          className="col_half col_last"
          component={[Function]}
          name="department"
          placeholder=""
          title="部門"
/>,
        <div
          className="clear"
/>,
        <Field
          className="col_half "
          component={[Function]}
          name="companyLocation"
          placeholder=""
          title="公司所在城市"
/>,
        <Field
          className="col_half col_last"
          component={[Function]}
          name="address"
          placeholder=""
          title="地址"
/>,
        <div
          className="clear"
/>,
        <Field
          className="col_half"
          component={[Function]}
          name="industry"
          placeholder=""
          title="產業類別"
/>,
        <Field
          className="col_half col_last"
          component={[Function]}
          name="productIntroduction"
          placeholder=""
          title="產品簡介"
/>,
        <div
          className="clear"
/>,
        <button
          className="button button-border button-dark button-circle"
          onClick={[Function]}
          type="button"
>
          Previous
</button>,
        <button
          className="button button-border button-dark button-circle"
          disabled={true}
          type="submit"
>
          Submit
</button>,
      ],
      "onSubmit": [Function],
    },
    "ref": null,
    "rendered": Array [
      Object {
        "instance": null,
        "key": undefined,
        "nodeType": "class",
        "props": Object {
          "className": "col_half ",
          "component": [Function],
          "name": "companyName",
          "placeholder": "",
          "title": "公司名稱/個人委託",
        },
        "ref": null,
        "rendered": null,
        "type": [Function],
      },
      Object {
        "instance": null,
        "key": undefined,
        "nodeType": "class",
        "props": Object {
          "className": "col_half col_last",
          "component": [Function],
          "name": "department",
          "placeholder": "",
          "title": "部門",
        },
        "ref": null,
        "rendered": null,
        "type": [Function],
      },
      Object {
        "instance": null,
        "key": undefined,
        "nodeType": "host",
        "props": Object {
          "className": "clear",
        },
        "ref": null,
        "rendered": null,
        "type": "div",
      },
      Object {
        "instance": null,
        "key": undefined,
        "nodeType": "class",
        "props": Object {
          "className": "col_half ",
          "component": [Function],
          "name": "companyLocation",
          "placeholder": "",
          "title": "公司所在城市",
        },
        "ref": null,
        "rendered": null,
        "type": [Function],
      },
      Object {
        "instance": null,
        "key": undefined,
        "nodeType": "class",
        "props": Object {
          "className": "col_half col_last",
          "component": [Function],
          "name": "address",
          "placeholder": "",
          "title": "地址",
        },
        "ref": null,
        "rendered": null,
        "type": [Function],
      },
      Object {
        "instance": null,
        "key": undefined,
        "nodeType": "host",
        "props": Object {
          "className": "clear",
        },
        "ref": null,
        "rendered": null,
        "type": "div",
      },
      Object {
        "instance": null,
        "key": undefined,
        "nodeType": "class",
        "props": Object {
          "className": "col_half",
          "component": [Function],
          "name": "industry",
          "placeholder": "",
          "title": "產業類別",
        },
        "ref": null,
        "rendered": null,
        "type": [Function],
      },
      Object {
        "instance": null,
        "key": undefined,
        "nodeType": "class",
        "props": Object {
          "className": "col_half col_last",
          "component": [Function],
          "name": "productIntroduction",
          "placeholder": "",
          "title": "產品簡介",
        },
        "ref": null,
        "rendered": null,
        "type": [Function],
      },
      Object {
        "instance": null,
        "key": undefined,
        "nodeType": "host",
        "props": Object {
          "className": "clear",
        },
        "ref": null,
        "rendered": null,
        "type": "div",
      },
      Object {
        "instance": null,
        "key": undefined,
        "nodeType": "host",
        "props": Object {
          "children": "Previous",
          "className": "button button-border button-dark button-circle",
          "onClick": [Function],
          "type": "button",
        },
        "ref": null,
        "rendered": "Previous",
        "type": "button",
      },
      Object {
        "instance": null,
        "key": undefined,
        "nodeType": "host",
        "props": Object {
          "children": "Submit",
          "className": "button button-border button-dark button-circle",
          "disabled": true,
          "type": "submit",
        },
        "ref": null,
        "rendered": "Submit",
        "type": "button",
      },
    ],
    "type": "form",
  },
  Symbol(enzyme.__nodes__): Array [
    Object {
      "instance": null,
      "key": undefined,
      "nodeType": "host",
      "props": Object {
        "children": Array [
          <Field
            className="col_half "
            component={[Function]}
            name="companyName"
            placeholder=""
            title="公司名稱/個人委託"
/>,
          <Field
            className="col_half col_last"
            component={[Function]}
            name="department"
            placeholder=""
            title="部門"
/>,
          <div
            className="clear"
/>,
          <Field
            className="col_half "
            component={[Function]}
            name="companyLocation"
            placeholder=""
            title="公司所在城市"
/>,
          <Field
            className="col_half col_last"
            component={[Function]}
            name="address"
            placeholder=""
            title="地址"
/>,
          <div
            className="clear"
/>,
          <Field
            className="col_half"
            component={[Function]}
            name="industry"
            placeholder=""
            title="產業類別"
/>,
          <Field
            className="col_half col_last"
            component={[Function]}
            name="productIntroduction"
            placeholder=""
            title="產品簡介"
/>,
          <div
            className="clear"
/>,
          <button
            className="button button-border button-dark button-circle"
            onClick={[Function]}
            type="button"
>
            Previous
</button>,
          <button
            className="button button-border button-dark button-circle"
            disabled={true}
            type="submit"
>
            Submit
</button>,
        ],
        "onSubmit": [Function],
      },
      "ref": null,
      "rendered": Array [
        Object {
          "instance": null,
          "key": undefined,
          "nodeType": "class",
          "props": Object {
            "className": "col_half ",
            "component": [Function],
            "name": "companyName",
            "placeholder": "",
            "title": "公司名稱/個人委託",
          },
          "ref": null,
          "rendered": null,
          "type": [Function],
        },
        Object {
          "instance": null,
          "key": undefined,
          "nodeType": "class",
          "props": Object {
            "className": "col_half col_last",
            "component": [Function],
            "name": "department",
            "placeholder": "",
            "title": "部門",
          },
          "ref": null,
          "rendered": null,
          "type": [Function],
        },
        Object {
          "instance": null,
          "key": undefined,
          "nodeType": "host",
          "props": Object {
            "className": "clear",
          },
          "ref": null,
          "rendered": null,
          "type": "div",
        },
        Object {
          "instance": null,
          "key": undefined,
          "nodeType": "class",
          "props": Object {
            "className": "col_half ",
            "component": [Function],
            "name": "companyLocation",
            "placeholder": "",
            "title": "公司所在城市",
          },
          "ref": null,
          "rendered": null,
          "type": [Function],
        },
        Object {
          "instance": null,
          "key": undefined,
          "nodeType": "class",
          "props": Object {
            "className": "col_half col_last",
            "component": [Function],
            "name": "address",
            "placeholder": "",
            "title": "地址",
          },
          "ref": null,
          "rendered": null,
          "type": [Function],
        },
        Object {
          "instance": null,
          "key": undefined,
          "nodeType": "host",
          "props": Object {
            "className": "clear",
          },
          "ref": null,
          "rendered": null,
          "type": "div",
        },
        Object {
          "instance": null,
          "key": undefined,
          "nodeType": "class",
          "props": Object {
            "className": "col_half",
            "component": [Function],
            "name": "industry",
            "placeholder": "",
            "title": "產業類別",
          },
          "ref": null,
          "rendered": null,
          "type": [Function],
        },
        Object {
          "instance": null,
          "key": undefined,
          "nodeType": "class",
          "props": Object {
            "className": "col_half col_last",
            "component": [Function],
            "name": "productIntroduction",
            "placeholder": "",
            "title": "產品簡介",
          },
          "ref": null,
          "rendered": null,
          "type": [Function],
        },
        Object {
          "instance": null,
          "key": undefined,
          "nodeType": "host",
          "props": Object {
            "className": "clear",
          },
          "ref": null,
          "rendered": null,
          "type": "div",
        },
        Object {
          "instance": null,
          "key": undefined,
          "nodeType": "host",
          "props": Object {
            "children": "Previous",
            "className": "button button-border button-dark button-circle",
            "onClick": [Function],
            "type": "button",
          },
          "ref": null,
          "rendered": "Previous",
          "type": "button",
        },
        Object {
          "instance": null,
          "key": undefined,
          "nodeType": "host",
          "props": Object {
            "children": "Submit",
            "className": "button button-border button-dark button-circle",
            "disabled": true,
            "type": "submit",
          },
          "ref": null,
          "rendered": "Submit",
          "type": "button",
        },
      ],
      "type": "form",
    },
  ],
  Symbol(enzyme.__options__): Object {
    "adapter": ReactSixteenAdapter {
      "options": Object {
        "enableComponentDidUpdateOnSetState": true,
      },
    },
    "disableLifecycleMethods": true,
  },
}
`;
